[33m❯[39m Building...
[32m✔[39m Building...
[1mInitial chunk files[22m  [2m | [22m[1mNames[22m                      [2m | [22m [1mRaw size[22m[2m | [22m[1mEstimated transfer size[22m
[32mstyles-VRDYZCWE.css[39m  [2m | [22m[2mstyles[22m                     [2m | [22m[36m230.97 kB[39m[2m | [22m               [36m22.48 kB[39m
[32mchunk-U7DZRQYW.js[39m    [2m | [22m[2m-[22m                          [2m | [22m[36m185.28 kB[39m[2m | [22m               [36m53.96 kB[39m
[32mchunk-SRR7JR4W.js[39m    [2m | [22m[2m-[22m                          [2m | [22m [36m89.81 kB[39m[2m | [22m               [36m22.61 kB[39m
[32mpolyfills-B6TNHZQ6.js[39m[2m | [22m[2mpolyfills[22m                  [2m | [22m [36m34.58 kB[39m[2m | [22m               [36m11.32 kB[39m
[32mmain-BW62KHTE.js[39m     [2m | [22m[2mmain[22m                       [2m | [22m [36m14.38 kB[39m[2m | [22m                [36m3.41 kB[39m
[32mchunk-6WCR63MU.js[39m    [2m | [22m[2m-[22m                          [2m | [22m  [36m1.44 kB[39m[2m | [22m              [36m645 bytes[39m

[1m [22m                    [2m | [22m[1mInitial total[22m              [2m | [22m[1m[93m556.46 kB[39m[22m[2m | [22m              [1m114.43 kB[22m

[1mLazy chunk files[22m     [2m | [22m[1mNames[22m                      [2m | [22m [1mRaw size[22m[2m | [22m[1mEstimated transfer size[22m
[32mchunk-C6YNMMXA.js[39m    [2m | [22m[2mdashboard-component[22m        [2m | [22m[36m147.27 kB[39m[2m | [22m               [36m46.51 kB[39m
[32mchunk-IUB2ZYX4.js[39m    [2m | [22m[2m-[22m                          [2m | [22m [36m44.53 kB[39m[2m | [22m                [36m9.01 kB[39m
[32mchunk-BPBXR3HB.js[39m    [2m | [22m[2mclient-list-component[22m      [2m | [22m [36m35.28 kB[39m[2m | [22m                [36m8.65 kB[39m
[32mchunk-N5NA6KWT.js[39m    [2m | [22m[2mmedicament-list-component[22m  [2m | [22m [36m25.85 kB[39m[2m | [22m                [36m6.93 kB[39m
[32mchunk-UM7AQYRR.js[39m    [2m | [22m[2muser-management-component[22m  [2m | [22m [36m23.36 kB[39m[2m | [22m                [36m6.67 kB[39m
[32mchunk-BQ3NTOSN.js[39m    [2m | [22m[2mcommande-list-component[22m    [2m | [22m [36m22.91 kB[39m[2m | [22m                [36m6.47 kB[39m
[32mchunk-2UZSVQ63.js[39m    [2m | [22m[2mprescription-list-component[22m[2m | [22m [36m15.77 kB[39m[2m | [22m                [36m4.77 kB[39m
[32mchunk-M2H2WYZ6.js[39m    [2m | [22m[2mpoint-de-vente-component[22m   [2m | [22m [36m14.77 kB[39m[2m | [22m                [36m4.50 kB[39m
[32mchunk-3TTJRBJT.js[39m    [2m | [22m[2mstock-list-component[22m       [2m | [22m [36m13.63 kB[39m[2m | [22m                [36m4.52 kB[39m
[32mchunk-TZIJLRJ7.js[39m    [2m | [22m[2maudit-log-component[22m        [2m | [22m  [36m9.83 kB[39m[2m | [22m                [36m3.33 kB[39m
[32mchunk-E7SENPAZ.js[39m    [2m | [22m[2mfournisseur-list-component[22m [2m | [22m  [36m9.73 kB[39m[2m | [22m                [36m3.07 kB[39m
[32mchunk-OUFC4XZE.js[39m    [2m | [22m[2mlogin-component[22m            [2m | [22m  [36m4.85 kB[39m[2m | [22m                [36m1.96 kB[39m
[32mchunk-CQRQA3K5.js[39m    [2m | [22m[2m-[22m                          [2m | [22m  [36m2.90 kB[39m[2m | [22m              [36m874 bytes[39m
[32mchunk-SX4USQ4Z.js[39m    [2m | [22m[2m-[22m                          [2m | [22m  [36m1.44 kB[39m[2m | [22m              [36m587 bytes[39m
[32mchunk-ALGH7QZJ.js[39m    [2m | [22m[2m-[22m                          [2m | [22m  [36m1.16 kB[39m[2m | [22m              [36m489 bytes[39m
[2m...and 4 more lazy chunks files. Use "--verbose" to show all the files.[22m

Application bundle generation failed. [4.244 seconds]

node.exe : 
[1m[33m[33m▲ [43;3
3m[[43;30mWARNING[43
;33m][0m [1mbundle 
initial exceeded 
maximum budget. 
Budget 500.00 kB was 
not met by 56.46 kB 
with a total of 
556.46 kB.[0m
Au caractère Ligne:1 
: 1
+ & "C:\Program Files\
nodejs/node.exe" "C:\U
sers\belal\AppData\Roa
ming\ ...
+ ~~~~~~~~~~~~~~~~~~~~
~~~~~~~~~~~~~~~~~~~~~~
~~~~~~~~~~~~~~~~~~~~~~
~~~~~
    + CategoryInfo    
          : NotSpeci  
  fied: ([1m[33m   
 [33m▲... 556.46 k    
B.[0m:String) []    
, RemoteException
    + FullyQualifiedE 
   rrorId : NativeCo  
  mmandError
 


[33m▲ [43;33m[[43;3
0mWARNING[43;33m][0m
 [1msrc/app/features/
clients/client-list/cl
ient-list.component.cs
s exceeded maximum 
budget. Budget 4.00 
kB was not met by 
5.12 kB with a total 
of 9.12 kB.[0m


[33m▲ [43;33m[[43;3
0mWARNING[43;33m][0m
 [1m4 rules skipped 
due to selector 
errors:
  
.form-floating>~label 
-> Did not expect 
successive traversals.
  .btn-group>+.btn -> 
Did not expect 
successive traversals.
  .btn-group>+.btn -> 
Did not expect 
successive traversals.
  .btn-group-vertical>
+.btn -> Did not 
expect successive 
traversals.[0m

[39m[22m
[1m[31m[31mX [41;3
1m[[41;97mERROR[41;3
1m][0m [1msrc/app/fe
atures/clients/client-
list/client-list.compo
nent.css exceeded 
maximum budget. 
Budget 8.00 kB was 
not met by 1.12 kB 
with a total of 9.12 
kB.[0m

[39m[22m
